Waiting on message or command.
Send message, a=12, b=11.
Send command, a=1, b=2, c=3.
Received a command, a=1, b=2, c=3.
Received a message, a=12, b=11.
Waiting on message or command.
Send message, a=15, b=11.
Send command, a=4, b=2, c=3.
Send message, a=16, b=11.
Send command, a=5, b=2, c=3.
Received a command, a=4, b=2, c=3.
Send command, a=-1, b=2, c=3.
Received a message, a=15, b=11.
Waiting on message or command.
Received a command, a=5, b=2, c=3.
Received a message, a=16, b=11.
Waiting on message or command.
Received a command, a=-1, b=2, c=3.
