Put 0
Got: 0
Put 1
Put 2
Put 3
Put 4
Put 5
Got: 1
Put 6
Got: 2
Put 7
Got: 3
Put 8
Got: 4
Put 9
Got: 5
Put 10
Got: 6
Put 11
Got: 7
Put 12
Got: 8
Put 13
Got: 9
Put 14
Got: 10
Put 15
Got: 11
Put 16
Got: 12
Put 17
Got: 13
Put 18
Got: 14
Put 19
Got: 15
Put -1
Got: 16
Got: 17
Got: 18
Got: 19
Got: -1
Done
