Dear sir/madam,

Lorem ipsum dolor sit amet, consectetur adipiscing elit. Donec viverra lacus
ligula, vel fringilla ipsum egestas vel. Mauris cursus nisl massa, eget
volutpat ante fermentum ut. Interdum et malesuada fames ac ante ipsum primis in
faucibus. Fusce porttitor sed tortor non posuere. Phasellus facilisis massa
consequat congue blandit. In ligula dui, feugiat sed tristique quis, vestibulum
eu quam. Nunc ullamcorper luctus sapien, a elementum massa viverra vel. Etiam
eget tellus mi. Nam accumsan turpis ut nisi pellentesque molestie. Donec
euismod placerat dignissim. Nunc tortor mi, varius nec posuere pharetra,
malesuada quis elit. Aenean iaculis ornare dolor, nec consectetur leo
pellentesque vel. Nulla dapibus, erat eget accumsan volutpat, justo ante
condimentum dolor, vitae ornare massa nulla in ligula. Sed eu hendrerit libero.
